12 34 
x1    |x1    |o2    
      |      |      
      |      |      
------+------+------
o2    |      |      
      |      |      
      |      |      
------+------+------
      |      |      
      |      |      
      |      |      

12 12? 1! 
 **** |**  **|      
**  **|  **  |      
 ****2|**  *1|      
------+------+------
      |      |      
      |      |      
      |      |      
------+------+------
      |      |      
      |      |      
      |      |      

12 23 34 45 15? 
x1x?  |x1o2  |o2x3  
      |      |      
      |      |      
------+------+------
x3o4  |o4x?  |      
      |      |      
      |      |      
------+------+------
      |      |      
      |      |      
      |      |      
5! 
**  **| **** |**  **
  **  |**  **|  **  
**  *1| ****2|**  *3
------+------+------
 **** |**  **|      
**  **|  **  |      
 ****4|**  *5|      
------+------+------
      |      |      
      |      |      
      |      |      

12 23 34 45 15? 1! 
**  **|**  **| **** 
  **  |  **  |**  **
**  *5|**  *1| ****2
------+------+------
**  **| **** |      
  **  |**  **|      
**  *3| ****4|      
------+------+------
      |      |      
      |      |      
      |      |      

45 34 23 12 15? 
o4x?  |x3o4  |o2x3  
      |      |      
      |      |      
------+------+------
x1o2  |x1x?  |      
      |      |      
      |      |      
------+------+------
      |      |      
      |      |      
      |      |      

