12 34 
x1    |x1    |o2    
      |      |      
      |      |      
------+------+------
o2    |      |      
      |      |      
      |      |      
------+------+------
      |      |      
      |      |      
      |      |      

12 12? 1! 
 **** |**  **|      
**  **|  **  |      
 ****2|**  *1|      
------+------+------
      |      |      
      |      |      
      |      |      
------+------+------
      |      |      
      |      |      
      |      |      

12 23 34 45 15? 
x1x?  |x1o2  |o2x3  
      |      |      
      |      |      
------+------+------
x3o4  |o4x?  |      
      |      |      
      |      |      
------+------+------
      |      |      
      |      |      
      |      |      
5! 
**  **| **** |**  **
  **  |**  **|  **  
**  *1| ****2|**  *3
------+------+------
 **** |**  **|      
**  **|  **  |      
 ****4|**  *5|      
------+------+------
      |      |      
      |      |      
      |      |      

12 23 34 45 15? 1! 
**  **|**  **| **** 
  **  |  **  |**  **
**  *5|**  *1| ****2
------+------+------
**  **| **** |      
  **  |**  **|      
**  *3| ****4|      
------+------+------
      |      |      
      |      |      
      |      |      

45 34 23 12 15? 
o4x?  |x3o4  |o2x3  
      |      |      
      |      |      
------+------+------
x1o2  |x1x?  |      
      |      |      
      |      |      
------+------+------
      |      |      
      |      |      
      |      |      
1! 
**  **| **** |**  **
  **  |**  **|  **  
**  *5| ****4|**  *3
------+------+------
 **** |**  **|      
**  **|  **  |      
 ****2|**  *1|      
------+------+------
      |      |      
      |      |      
      |      |      

14 34 45 49 59? 
x1    |      |o2    
      |      |      
      |      |      
------+------+------
x1o2x3|x3x?  |      
o4    |      |      
      |      |      
------+------+------
      |      |o4x?  
      |      |      
      |      |      
9! 
**  **|      | **** 
  **  |      |**  **
**  *1|      | ****2
------+------+------
 **** |**  **|      
**  **|  **  |      
 ****4|**  *3|      
------+------+------
      |      |**  **
      |      |  **  
      |      |**  *5
2:0

12 12? 1! 45 45? 4! 78 78? 7! 
 **** |**  **|      
**  **|  **  |      
 ****2|**  *1|      
------+------+------
 **** |**  **|      
**  **|  **  |      
 ****4|**  *3|      
------+------+------
 **** |**  **|      
**  **|  **  |      
 ****6|**  *5|      
2:1

13 35 89 57 12 27? 
x1x5  |x5o?  |x1o2  
      |      |      
      |      |      
------+------+------
      |o2o4  |      
      |      |      
      |      |      
------+------+------
o4o?  |x3    |x3    
      |      |      
      |      |      
7! 
**  **|**  **| **** 
  **  |  **  |**  **
**  *1|**  *5| ****2
------+------+------
      | **** |      
      |**  **|      
      | ****4|      
------+------+------
 **** |**  **|      
**  **|  **  |      
 ****6|**  *3|      
0:2

12 23 35 45 47 67 69 89 18? 
x1x?  |x1o2  |o2x3  
      |      |      
      |      |      
------+------+------
o4x5  |x3o4  |o6x7  
      |      |      
      |      |      
------+------+------
x5o6  |o8x?  |x7o8  
      |      |      
      |      |      
8! 
**  **| **** |**  **
  **  |**  **|  **  
**  *1| ****2|**  *3
------+------+------
**  **| **** |**  **
  **  |**  **|  **  
**  *5| ****4|**  *7
------+------+------
 **** |**  **| **** 
**  **|  **  |**  **
 ****6|**  *9| ****8
1:1

